Simulation Time = 0.286128 seconds for 1000 particles.
Simulation Time = 0.548478 seconds for 2000 particles.
Simulation Time = 1.07437 seconds for 4000 particles.
Simulation Time = 2.12815 seconds for 8000 particles.
Simulation Time = 2.65263 seconds for 10000 particles.
Simulation Time = 4.22929 seconds for 16000 particles.
Simulation Time = 5.2767 seconds for 20000 particles.
Simulation Time = 9.27554 seconds for 32000 particles.
Simulation Time = 11.5903 seconds for 40000 particles.
Simulation Time = 30.8573 seconds for 64000 particles.
Simulation Time = 46.2741 seconds for 80000 particles.
Simulation Time = 148.003 seconds for 128000 particles.
Simulation Time = 185.044 seconds for 160000 particles.
Simulation Time = 444.093 seconds for 256000 particles.
