Simulation Time = 2.65263 seconds for 10000 particles.
Simulation Time = 5.2767 seconds for 20000 particles.
Simulation Time = 11.5903 seconds for 40000 particles.
Simulation Time = 46.2741 seconds for 80000 particles.
Simulation Time = 185.044 seconds for 160000 particles.
