Simulation Time = 0.0290548 seconds for 10000 particles.
Simulation Time = 0.0335578 seconds for 20000 particles.
Simulation Time = 0.0575824 seconds for 40000 particles.
Simulation Time = 0.133746 seconds for 80000 particles.
Simulation Time = 0.290773 seconds for 160000 particles.
Simulation Time = 0.625458 seconds for 320000 particles.
Simulation Time = 1.55465 seconds for 640000 particles.
Simulation Time = 3.5769 seconds for 1280000 particles.
Simulation Time = 7.77843 seconds for 2560000 particles.
